2026-06-28 23:13:13,019:DEBUG:certbot._internal.main:certbot version: 5.6.0
2026-06-28 23:13:13,019:DEBUG:certbot._internal.main:Location of certbot entry point: /opt/certbot/bin/certbot
2026-06-28 23:13:13,020:DEBUG:certbot._internal.main:Arguments: ['-n', '--config', '/etc/letsencrypt.ini', '--work-dir', '/tmp/letsencrypt-lib', '--logs-dir', '/data/logs', '--cert-name', 'npm-4', '--agree-tos', '--authenticator', 'webroot', '-m', 'teste@teste.com', '--preferred-challenges', 'http', '--domains', 'sistema.local']
2026-06-28 23:13:13,020:DEBUG:certbot._internal.main:Discovered plugins: PluginsRegistry(PluginEntryPoint#manual,PluginEntryPoint#null,PluginEntryPoint#standalone,PluginEntryPoint#webroot)
2026-06-28 23:13:13,027:DEBUG:certbot._internal.log:Root logging level set at 30
2026-06-28 23:13:13,029:DEBUG:certbot._internal.plugins.selection:Requested authenticator webroot and installer None
2026-06-28 23:13:13,030:DEBUG:certbot._internal.plugins.selection:Single candidate plugin: * webroot
Description: Saves the necessary validation files to a .well-known/acme-challenge/ directory within the nominated webroot path. A separate HTTP server must be running and serving files from the webroot path. HTTP challenge only (wildcards not supported).
Interfaces: Authenticator, Plugin
Entry point: EntryPoint(name='webroot', value='certbot._internal.plugins.webroot:Authenticator', group='certbot.plugins')
Initialized: <certbot._internal.plugins.webroot.Authenticator object at 0x7f39c46afcb0>
Prep: True
2026-06-28 23:13:13,030:DEBUG:certbot._internal.plugins.selection:Selected authenticator <certbot._internal.plugins.webroot.Authenticator object at 0x7f39c46afcb0> and installer None
2026-06-28 23:13:13,030:INFO:certbot._internal.plugins.selection:Plugins selected: Authenticator webroot, Installer None
2026-06-28 23:13:13,064:DEBUG:certbot._internal.main:Picked account: <Account(RegistrationResource(body=Registration(key=None, contact=(), agreement=None, status=None, terms_of_service_agreed=None, only_return_existing=None, external_account_binding=None), uri='https://acme-v02.api.letsencrypt.org/acme/acct/3482571086', new_authzr_uri=None, terms_of_service=None), da7e0e6794fc1dcfaddd67ffa9b23b27, Meta(creation_dt=datetime.datetime(2026, 6, 28, 23, 11, 9, tzinfo=datetime.timezone.utc), creation_host='fb0999dacf49', register_to_eff=None))>
2026-06-28 23:13:13,065:DEBUG:acme.client:Sending GET request to https://acme-v02.api.letsencrypt.org/directory.
2026-06-28 23:13:13,066:DEBUG:urllib3.connectionpool:Starting new HTTPS connection (1): acme-v02.api.letsencrypt.org:443
2026-06-28 23:13:13,652:DEBUG:urllib3.connectionpool:https://acme-v02.api.letsencrypt.org:443 "GET /directory HTTP/1.1" 200 1031
2026-06-28 23:13:13,652:DEBUG:acme.client:Received response:
HTTP 200
Server: nginx
Date: Sun, 28 Jun 2026 23:13:14 GMT
Content-Type: application/json
Content-Length: 1031
Connection: keep-alive
Cache-Control: public, max-age=0, no-cache
X-Frame-Options: DENY
Strict-Transport-Security: max-age=604800

{
  "-DGop6w-qq0": "https://community.letsencrypt.org/t/adding-random-entries-to-the-directory/33417",
  "keyChange": "https://acme-v02.api.letsencrypt.org/acme/key-change",
  "meta": {
    "caaIdentities": [
      "letsencrypt.org"
    ],
    "profiles": {
      "classic": "https://letsencrypt.org/docs/profiles#classic",
      "shortlived": "https://letsencrypt.org/docs/profiles#shortlived",
      "tlsclient": "https://letsencrypt.org/docs/profiles#tlsclient",
      "tlsserver": "https://letsencrypt.org/docs/profiles#tlsserver"
    },
    "termsOfService": "https://letsencrypt.org/documents/LE-SA-v1.7-June-04-2026.pdf",
    "website": "https://letsencrypt.org"
  },
  "newAccount": "https://acme-v02.api.letsencrypt.org/acme/new-acct",
  "newNonce": "https://acme-v02.api.letsencrypt.org/acme/new-nonce",
  "newOrder": "https://acme-v02.api.letsencrypt.org/acme/new-order",
  "renewalInfo": "https://acme-v02.api.letsencrypt.org/acme/renewal-info",
  "revokeCert": "https://acme-v02.api.letsencrypt.org/acme/revoke-cert"
}
2026-06-28 23:13:13,653:DEBUG:certbot._internal.display.obj:Notifying user: Requesting a certificate for sistema.local
2026-06-28 23:13:13,654:DEBUG:acme.client:Requesting fresh nonce
2026-06-28 23:13:13,654:DEBUG:acme.client:Sending HEAD request to https://acme-v02.api.letsencrypt.org/acme/new-nonce.
2026-06-28 23:13:13,831:DEBUG:urllib3.connectionpool:https://acme-v02.api.letsencrypt.org:443 "HEAD /acme/new-nonce HTTP/1.1" 200 0
2026-06-28 23:13:13,831:DEBUG:acme.client:Received response:
HTTP 200
Server: nginx
Date: Sun, 28 Jun 2026 23:13:14 GMT
Connection: keep-alive
Cache-Control: public, max-age=0, no-cache
Link: <https://acme-v02.api.letsencrypt.org/directory>;rel="index"
Replay-Nonce: 9w0p0d3wErb58hoS28X_Eu8dIVwcL3DWF-d7lm2PxlcZc0PiuCQ
X-Frame-Options: DENY
Strict-Transport-Security: max-age=604800


2026-06-28 23:13:13,831:DEBUG:acme.client:Storing nonce: 9w0p0d3wErb58hoS28X_Eu8dIVwcL3DWF-d7lm2PxlcZc0PiuCQ
2026-06-28 23:13:13,831:DEBUG:acme.client:JWS payload:
b'{\n  "identifiers": [\n    {\n      "type": "dns",\n      "value": "sistema.local"\n    }\n  ]\n}'
2026-06-28 23:13:13,833:DEBUG:acme.client:Sending POST request to https://acme-v02.api.letsencrypt.org/acme/new-order:
{
  "protected": "eyJhbGciOiAiUlMyNTYiLCAia2lkIjogImh0dHBzOi8vYWNtZS12MDIuYXBpLmxldHNlbmNyeXB0Lm9yZy9hY21lL2FjY3QvMzQ4MjU3MTA4NiIsICJub25jZSI6ICI5dzBwMGQzd0VyYjU4aG9TMjhYX0V1OGRJVndjTDNEV0YtZDdsbTJQeGxjWmMwUGl1Q1EiLCAidXJsIjogImh0dHBzOi8vYWNtZS12MDIuYXBpLmxldHNlbmNyeXB0Lm9yZy9hY21lL25ldy1vcmRlciJ9",
  "signature": "fe8y1MpF22F4ZYDbhjD8P4rxQws-ff0JM33G1DfwgBanjgjkG1mdNmzVNvOfDQcVdHGsLLRA2DrZd3bGJjpZjhah6QkROarU8yy2uDUWirodUbuE0EYBHJQ3tAAx9NeI6-RztFKjpAgOaqPWI3iS1i8W0sSBFkCpURAzNWJIj65ZhRFhd2J4tKBqssFCCuT9RnUqaFFxGhhzYEmYIbICO2n-dvGuVUyljrJ_U-KOfZF1MAZn4SygC9SsWpe3FxMdTcfLiY9kOWiAMQKTSbQ5KZ2JoHfl2YUmgDTOLkawxO2PzQn03YXCU65Nc44eFmj_IrWRQ12NbpTa_QTZIhdG2w",
  "payload": "ewogICJpZGVudGlmaWVycyI6IFsKICAgIHsKICAgICAgInR5cGUiOiAiZG5zIiwKICAgICAgInZhbHVlIjogInNpc3RlbWEubG9jYWwiCiAgICB9CiAgXQp9"
}
2026-06-28 23:13:14,030:DEBUG:urllib3.connectionpool:https://acme-v02.api.letsencrypt.org:443 "POST /acme/new-order HTTP/1.1" 400 220
2026-06-28 23:13:14,030:DEBUG:acme.client:Received response:
HTTP 400
Server: nginx
Date: Sun, 28 Jun 2026 23:13:14 GMT
Content-Type: application/problem+json
Content-Length: 220
Connection: keep-alive
Boulder-Requester: 3482571086
Cache-Control: public, max-age=0, no-cache
Link: <https://acme-v02.api.letsencrypt.org/directory>;rel="index"
Replay-Nonce: tgKU1SCR2FShWP8xY77tCe2y-2f6CdPaHyUphFIexuNxuodWtRQ

{
  "type": "urn:ietf:params:acme:error:rejectedIdentifier",
  "detail": "Invalid identifiers requested :: Cannot issue for \"sistema.local\": Domain name does not end with a valid public suffix (TLD)",
  "status": 400
}
2026-06-28 23:13:14,030:DEBUG:certbot._internal.log:Exiting abnormally:
Traceback (most recent call last):
  File "/opt/certbot/bin/certbot", line 6, in <module>
    sys.exit(main())
             ~~~~^^
  File "/opt/certbot/lib/python3.13/site-packages/certbot/main.py", line 18, in main
    return internal_main.main(cli_args)
           ~~~~~~~~~~~~~~~~~~^^^^^^^^^^
  File "/opt/certbot/lib/python3.13/site-packages/certbot/_internal/main.py", line 1886, in main
    return config.func(config, plugins)
           ~~~~~~~~~~~^^^^^^^^^^^^^^^^^
  File "/opt/certbot/lib/python3.13/site-packages/certbot/_internal/main.py", line 1598, in certonly
    lineage = _get_and_save_cert(le_client, config, sans, certname, lineage)
  File "/opt/certbot/lib/python3.13/site-packages/certbot/_internal/main.py", line 143, in _get_and_save_cert
    lineage = le_client.obtain_and_enroll_certificate(sans, certname)
  File "/opt/certbot/lib/python3.13/site-packages/certbot/_internal/client.py", line 533, in obtain_and_enroll_certificate
    cert, chain, key, _ = self.obtain_certificate(sans)
                          ~~~~~~~~~~~~~~~~~~~~~~~^^^^^^
  File "/opt/certbot/lib/python3.13/site-packages/certbot/_internal/client.py", line 434, in obtain_certificate
    orderr = self._get_order_and_authorizations(csr.data, self.config.allow_subset_of_names)
  File "/opt/certbot/lib/python3.13/site-packages/certbot/_internal/client.py", line 494, in _get_order_and_authorizations
    orderr = self.acme.new_order(csr_pem, profile=profile)
  File "/opt/certbot/lib/python3.13/site-packages/acme/client.py", line 135, in new_order
    response = self._post(self.directory['newOrder'], order)
  File "/opt/certbot/lib/python3.13/site-packages/acme/client.py", line 461, in _post
    return self.net.post(*args, **kwargs)
           ~~~~~~~~~~~~~^^^^^^^^^^^^^^^^^
  File "/opt/certbot/lib/python3.13/site-packages/acme/client.py", line 812, in post
    return self._post_once(*args, **kwargs)
           ~~~~~~~~~~~~~~~^^^^^^^^^^^^^^^^^
  File "/opt/certbot/lib/python3.13/site-packages/acme/client.py", line 827, in _post_once
    response = self._check_response(response, content_type=content_type)
  File "/opt/certbot/lib/python3.13/site-packages/acme/client.py", line 699, in _check_response
    raise messages.Error.from_json(jobj)
acme.messages.Error: urn:ietf:params:acme:error:rejectedIdentifier :: The server will not issue certificates for the identifier :: Invalid identifiers requested :: Cannot issue for "sistema.local": Domain name does not end with a valid public suffix (TLD)
2026-06-28 23:13:14,032:ERROR:certbot._internal.log:An unexpected error occurred:
2026-06-28 23:13:14,032:ERROR:certbot._internal.log:Invalid identifiers requested :: Cannot issue for "sistema.local": Domain name does not end with a valid public suffix (TLD)
